000003=50
000004=100
000005=3
000007=5
000008=x2
00000A=1
000011=4
000012=7
000013=11
010101=2
010104=1
010110=1
010111=4
010113=Flight control
010201=2
010204=1
010210=1
010211=2
010701=1
010801=2
010901=1
010904=1
010905=1
010920=i
010924=1
010925=2
010A01=1
010A04=1
010A05=1
010A20=launchMissile
010A24=1
010A25=3
010B01=2
010C01=1
010C05=1
010C20=targetCursor
010C60=nextStation
010D01=1
010D05=1
010D20=nextTarget
010D60=nextEnemy
010E01=1
010E05=1
010E20=targetEnemyCursor
010E60=prevStation
010F01=1
010F05=1
010F20=prevTarget
010F60=prevEnemy
011001=1
011005=1
011020=enemyTargetMode
011060=laserTargetingMode
0110A0=1
011101=1
011105=1
011120=cycleMissileType
0111A0=4
011201=1
011205=1
011220=toggleComputer
0112A0=2
011301=1
011305=1
011320=radarMode
0113A0=3
011401=1
011405=1
011420=boost
011460=timeCompression
0114A0=J
0114A8=Jump
0114E0=KEYS +KBDEL CHARDLY -KBDEL +LSHF +j CHARDLY -j -LSHF CHARDLY +ENT CHARDLY -ENT CHARDLY CHARDLY +ENT CHARDLY -ENT CHARDLY +ENT CHARDLY -ENT +KBDEL CHARDLY -KBDEL
0114E8=Jump to a gate in the same sector
011501=1
011505=1
011520=zoomIn
011560=toggleGridProjection
011601=1
011605=1
011620=brakeZero
011660=bayDoor
011701=1
011705=1
011720=KEYS +RALT
011721=KEYS -RALT
011728=Strafe
012001=2
012005=1
012020=KEYS +KBDEL CHARDLY -KBDEL +s CHARDLY -s +c CHARDLY -c +KBDOWN CHARDLY -KBDOWN CHARDLY +KBDOWN CHARDLY -KBDOWN CHARDLY +KBDOWN CHARDLY -KBDOWN CHARDLY +KBDOWN CHARDLY -KBDOWN CHARDLY +KBDOWN CHARDLY -KBDOWN CHARDLY +KBDOWN CHARDLY -KBDOWN CHARDLY +ENT CHARDLY -ENT +2 CHARDLY -2 +KBDEL CHARDLY -KBDEL
012028=All turrets attack enemy
012101=2
012105=1
012120=radarMode
012201=2
012205=1
012220=KEYS +KBDEL CHARDLY -KBDEL +s CHARDLY -s +c CHARDLY -c +KBDOWN CHARDLY -KBDOWN CHARDLY +KBDOWN CHARDLY -KBDOWN CHARDLY +KBDOWN CHARDLY -KBDOWN CHARDLY +KBDOWN CHARDLY -KBDOWN CHARDLY +KBDOWN CHARDLY -KBDOWN CHARDLY +KBDOWN CHARDLY -KBDOWN CHARDLY +ENT CHARDLY -ENT +4 CHARDLY -4 +KBDEL CHARDLY -KBDEL
012228=All turrets attack target
012301=1
012401=2
012405=1
012420=KEYS +KBDEL CHARDLY -KBDEL +s CHARDLY -s CHARDLY +c CHARDLY -c CHARDLY +KBDOWN CHARDLY -KBDOWN CHARDLY +KBDOWN CHARDLY -KBDOWN CHARDLY +KBDOWN CHARDLY -KBDOWN CHARDLY +KBDOWN CHARDLY -KBDOWN CHARDLY +KBDOWN CHARDLY -KBDOWN CHARDLY +KBDOWN CHARDLY -KBDOWN CHARDLY +ENT CHARDLY -ENT CHARDLY +5 CHARDLY -5 CHARDLY +KBDEL CHARDLY -KBDEL
012428=All turrets missile defence
012501=1
012601=2
012605=1
012620=KEYS +KBDEL CHARDLY -KBDEL +s CHARDLY -s +c CHARDLY -c +KBDOWN CHARDLY -KBDOWN CHARDLY +KBDOWN CHARDLY -KBDOWN CHARDLY +KBDOWN CHARDLY -KBDOWN CHARDLY +KBDOWN CHARDLY -KBDOWN CHARDLY +KBDOWN CHARDLY -KBDOWN CHARDLY +KBDOWN CHARDLY -KBDOWN CHARDLY +ENT CHARDLY -ENT +3 CHARDLY -3 +KBDEL CHARDLY -KBDEL
012628=All turrets protect ship
012701=2
012720=radarMode
020101=2
020201=2
020301=2
020304=1
020310=1
020311=3
020701=2
020704=1
020710=1
020711=7
020801=2
020901=1
020905=1
020920=ENT
020960=ESC
0209A0=t
020A01=2
020A28=mode 3 & 4
020B01=2
020B28=mode 2 & 4
020C01=1
020C05=1
020C20=zoomExternalIn
020D01=1
020D05=1
020D20=nextMonitor
020E01=1
020E05=1
020E20=zoomExternalOut
020F01=1
020F05=1
020F20=toggleMonitors
021001=1
021005=1
021020=KBRIGHT
021060=KBEND
0210A0=6
021101=1
021105=1
021120=KBDOWN
0211A0=2
021201=1
021205=1
021220=KBLEFT
021260=KBHOME
0212A0=4
021301=1
021305=1
021320=KBUP
0213A0=8
021401=1
021405=1
021420=KEYS +u chardly -u
021428=autopilot
021460=KEYS +s  CHARDLY -s +c CHARDLY -c +1 CHARDLY -1 +2 CHARDLY -2
021468=Dock at
021501=1
021505=1
021520=exitMenus
021560=c
021568=comm
021601=1
021605=1
021620=KEYS +r CHARDLY -r +j CHARDLY -j
021628=property owned
021660=KBDEL p
021668=personal information
0216A0=i
0216A8=scan
021701=1
021705=1
021720=KEYS +. CHARDLY -.
021728=Open sector map
021760=,
022001=2
022020=KEYS +KBDEL CHARDLY -KBDEL +s CHARDLY -s +c CHARDLY -c +KBDOWN CHARDLY -KBDOWN CHARDLY +KBDOWN CHARDLY -KBDOWN CHARDLY +KBDOWN CHARDLY -KBDOWN CHARDLY +KBDOWN CHARDLY -KBDOWN CHARDLY +KBDOWN CHARDLY -KBDOWN CHARDLY +KBDOWN CHARDLY -KBDOWN CHARDLY +ENT CHARDLY -ENT +2 CHARDLY -2 +KBDEL CHARDLY -KBDEL
022029=1
022101=2
022120=KEYS +KBDEL CHARDLY -KBDEL +s CHARDLY -s +c CHARDLY -c +KBDOWN CHARDLY -KBDOWN CHARDLY +KBDOWN CHARDLY -KBDOWN CHARDLY +KBDOWN CHARDLY -KBDOWN CHARDLY +KBDOWN CHARDLY -KBDOWN CHARDLY +KBDOWN CHARDLY -KBDOWN CHARDLY +KBDOWN CHARDLY -KBDOWN CHARDLY +ENT CHARDLY -ENT +2 CHARDLY -2 +KBDEL CHARDLY -KBDEL
022201=2
022220=KEYS +KBDEL CHARDLY -KBDEL +s CHARDLY -s +c CHARDLY -c +KBDOWN CHARDLY -KBDOWN CHARDLY +KBDOWN CHARDLY -KBDOWN CHARDLY +KBDOWN CHARDLY -KBDOWN CHARDLY +KBDOWN CHARDLY -KBDOWN CHARDLY +KBDOWN CHARDLY -KBDOWN CHARDLY +KBDOWN CHARDLY -KBDOWN CHARDLY +ENT CHARDLY -ENT +2 CHARDLY -2 +KBDEL CHARDLY -KBDEL
022301=2
0223E0=KEYS +KBDEL CHARDLY -KBDEL +s CHARDLY -s CHARDLY +c CHARDLY -c CHARDLY +KBDOWN CHARDLY -KBDOWN CHARDLY +KBDOWN CHARDLY -KBDOWN CHARDLY +KBDOWN CHARDLY -KBDOWN CHARDLY +KBDOWN CHARDLY -KBDOWN CHARDLY +KBDOWN CHARDLY -KBDOWN CHARDLY +KBDOWN CHARDLY -KBDOWN CHARDLY +ENT CHARDLY -ENT CHARDLY +5 CHARDLY -5 CHARDLY +KBDEL CHARDLY -KBDEL
022401=2
022420=KEYS +KBDEL CHARDLY -KBDEL +s CHARDLY -s CHARDLY +c CHARDLY -c CHARDLY +KBDOWN CHARDLY -KBDOWN CHARDLY +KBDOWN CHARDLY -KBDOWN CHARDLY +KBDOWN CHARDLY -KBDOWN CHARDLY +KBDOWN CHARDLY -KBDOWN CHARDLY +KBDOWN CHARDLY -KBDOWN CHARDLY +KBDOWN CHARDLY -KBDOWN CHARDLY +ENT CHARDLY -ENT CHARDLY +5 CHARDLY -5 CHARDLY +KBDEL CHARDLY -KBDEL
022501=2
022601=2
022620=KEYS +KBDEL CHARDLY -KBDEL +s CHARDLY -s +c CHARDLY -c +KBDOWN CHARDLY -KBDOWN CHARDLY +KBDOWN CHARDLY -KBDOWN CHARDLY +KBDOWN CHARDLY -KBDOWN CHARDLY +KBDOWN CHARDLY -KBDOWN CHARDLY +KBDOWN CHARDLY -KBDOWN CHARDLY +KBDOWN CHARDLY -KBDOWN CHARDLY +ENT CHARDLY -ENT +2 CHARDLY -2 +KBDEL CHARDLY -KBDEL
022701=2
022720=KEYS +KBDEL CHARDLY -KBDEL +s CHARDLY -s +c CHARDLY -c +KBDOWN CHARDLY -KBDOWN CHARDLY +KBDOWN CHARDLY -KBDOWN CHARDLY +KBDOWN CHARDLY -KBDOWN CHARDLY +KBDOWN CHARDLY -KBDOWN CHARDLY +KBDOWN CHARDLY -KBDOWN CHARDLY +KBDOWN CHARDLY -KBDOWN CHARDLY +ENT CHARDLY -ENT +2 CHARDLY -2 +KBDEL CHARDLY -KBDEL
0227E0=KEYS +KBDEL CHARDLY -KBDEL +s CHARDLY -s CHARDLY +c CHARDLY -c CHARDLY +KBDOWN CHARDLY -KBDOWN CHARDLY +KBDOWN CHARDLY -KBDOWN CHARDLY +KBDOWN CHARDLY -KBDOWN CHARDLY +KBDOWN CHARDLY -KBDOWN CHARDLY +KBDOWN CHARDLY -KBDOWN CHARDLY +KBDOWN CHARDLY -KBDOWN CHARDLY +ENT CHARDLY -ENT CHARDLY +5 CHARDLY -5 CHARDLY +KBDEL CHARDLY -KBDEL
110101=2
110104=1
110110=17
110111=3
110201=2
110301=2
110401=2
110501=2
110601=2
114101=1
114105=1
114120=fireActiveLaser
114201=1
114205=1
114220=1
114301=1
114305=1
114320=2
114401=1
114405=1
114420=3
114501=1
114505=1
114520=4
114601=1
114605=1
114620=KBDEL
114701=1
114705=1
114720=s
114801=1
114805=1
114820=C
114901=1
114905=1
114920=ENT
114A01=1
114A05=1
114A20=5
114B01=1
114B05=1
114B20=cameraMode
114C01=1
114C05=1
114C20=nextCockpit
114D01=1
114D05=1
114D20=externalView
114E01=1
114E05=1
114E20=targetView
114F01=2
